Using pre-set license
Built from '2022.3/staging' branch; Version is '2022.3.17f1 (4fc78088f837) revision 5228416'; Using compiler version '192829333'; Build Type 'Release'
OS: 'Windows 10  (10.0.19045) 64bit Core' Language: 'en' Physical Memory: 16287 MB
BatchMode: 1, IsHumanControllingUs: 0, StartBugReporterOnCrash: 0, Is64bit: 1, IsPro: 1

COMMAND LINE ARGUMENTS:
D:\Unity Hub\editor\2022.3.17f1\Editor\Unity.exe
-adb2
-batchMode
-noUpm
-name
AssetImportWorker1
-projectPath
C:/Users/Josh/Documents/GitHub/Insane-Aquarium/Insane Aquarium
-logFile
Logs/AssetImportWorker1.log
-srvPort
60435
Successfully changed project path to: C:/Users/Josh/Documents/GitHub/Insane-Aquarium/Insane Aquarium
C:/Users/Josh/Documents/GitHub/Insane-Aquarium/Insane Aquarium
[UnityMemory] Configuration Parameters - Can be set up in boot.config
    "memorysetup-bucket-allocator-granularity=16"
    "memorysetup-bucket-allocator-bucket-count=8"
    "memorysetup-bucket-allocator-block-size=33554432"
    "memorysetup-bucket-allocator-block-count=8"
    "memorysetup-main-allocator-block-size=16777216"
    "memorysetup-thread-allocator-block-size=16777216"
    "memorysetup-gfx-main-allocator-block-size=16777216"
    "memorysetup-gfx-thread-allocator-block-size=16777216"
    "memorysetup-cache-allocator-block-size=4194304"
    "memorysetup-typetree-allocator-block-size=2097152"
    "memorysetup-profiler-bucket-allocator-granularity=16"
    "memorysetup-profiler-bucket-allocator-bucket-count=8"
    "memorysetup-profiler-bucket-allocator-block-size=33554432"
    "memorysetup-profiler-bucket-allocator-block-count=8"
    "memorysetup-profiler-allocator-block-size=16777216"
    "memorysetup-profiler-editor-allocator-block-size=1048576"
    "memorysetup-temp-allocator-size-main=16777216"
    "memorysetup-job-temp-allocator-block-size=2097152"
    "memorysetup-job-temp-allocator-block-size-background=1048576"
    "memorysetup-job-temp-allocator-reduction-small-platforms=262144"
    "memorysetup-allocator-temp-initial-block-size-main=262144"
    "memorysetup-allocator-temp-initial-block-size-worker=262144"
    "memorysetup-temp-allocator-size-background-worker=32768"
    "memorysetup-temp-allocator-size-job-worker=262144"
    "memorysetup-temp-allocator-size-preload-manager=33554432"
    "memorysetup-temp-allocator-size-nav-mesh-worker=65536"
    "memorysetup-temp-allocator-size-audio-worker=65536"
    "memorysetup-temp-allocator-size-cloud-worker=32768"
    "memorysetup-temp-allocator-size-gi-baking-worker=262144"
    "memorysetup-temp-allocator-size-gfx=262144"
Player connection [50232] Host "[IP] 192.168.0.3 [Port] 0 [Flags] 2 [Guid] 826833446 [EditorId] 826833446 [Version] 1048832 [Id] WindowsEditor(7,DESKTOP-B26B77C) [Debug] 1 [PackageName] WindowsEditor [ProjectName] Editor" joined multi-casting on [225.0.0.222:54997]...

Player connection [50232] Host "[IP] 192.168.0.3 [Port] 0 [Flags] 2 [Guid] 826833446 [EditorId] 826833446 [Version] 1048832 [Id] WindowsEditor(7,DESKTOP-B26B77C) [Debug] 1 [PackageName] WindowsEditor [ProjectName] Editor" joined alternative multi-casting on [225.0.0.222:34997]...

[Physics::Module] Initialized MultithreadedJobDispatcher with 15 workers.
Refreshing native plugins compatible for Editor in 17.65 ms, found 4 plugins.
Preloading 0 native plugins for Editor in 0.00 ms.
Initialize engine version: 2022.3.17f1 (4fc78088f837)
[Subsystems] Discovering subsystems at path D:/Unity Hub/editor/2022.3.17f1/Editor/Data/Resources/UnitySubsystems
[Subsystems] Discovering subsystems at path C:/Users/Josh/Documents/GitHub/Insane-Aquarium/Insane Aquarium/Assets
GfxDevice: creating device client; threaded=0; jobified=0
Direct3D:
    Version:  Direct3D 11.0 [level 11.1]
    Renderer: AMD Radeon RX 6600 XT (ID=0x73ff)
    Vendor:   ATI
    VRAM:     8121 MB
    Driver:   32.0.12033.1030
Initialize mono
Mono path[0] = 'D:/Unity Hub/editor/2022.3.17f1/Editor/Data/Managed'
Mono path[1] = 'D:/Unity Hub/editor/2022.3.17f1/Editor/Data/MonoBleedingEdge/lib/mono/unityjit-win32'
Mono config path = 'D:/Unity Hub/editor/2022.3.17f1/Editor/Data/MonoBleedingEdge/etc'
Using monoOptions --debugger-agent=transport=dt_socket,embedding=1,server=y,suspend=n,address=127.0.0.1:56228
Begin MonoManager ReloadAssembly
Registering precompiled unity dll's ...
Register platform support module: D:/Unity Hub/editor/2022.3.17f1/Editor/Data/PlaybackEngines/iOSSupport/UnityEditor.iOS.Extensions.dll
Register platform support module: D:/Unity Hub/editor/2022.3.17f1/Editor/Data/PlaybackEngines/WindowsStandaloneSupport/UnityEditor.WindowsStandalone.Extensions.dll
Registered in 0.006252 seconds.
- Loaded All Assemblies, in  0.312 seconds
Native extension for WindowsStandalone target not found
[usbmuxd] Start listen thread
[usbmuxd] Listen thread started
[usbmuxd] Send listen message
Native extension for iOS target not found
Mono: successfully reloaded assembly
- Finished resetting the current domain, in  0.255 seconds
Domain Reload Profiling: 567ms
	BeginReloadAssembly (109ms)
		ExecutionOrderSort (0ms)
		DisableScriptedObjects (0ms)
		BackupInstance (0ms)
		ReleaseScriptingObjects (0ms)
		CreateAndSetChildDomain (1ms)
	RebuildCommonClasses (32ms)
	RebuildNativeTypeToScriptingClass (9ms)
	initialDomainReloadingComplete (45ms)
	LoadAllAssembliesAndSetupDomain (116ms)
		LoadAssemblies (108ms)
		RebuildTransferFunctionScriptingTraits (0ms)
		AnalyzeDomain (114ms)
			TypeCache.Refresh (113ms)
				TypeCache.ScanAssembly (102ms)
			ScanForSourceGeneratedMonoScriptInfo (0ms)
			ResolveRequiredComponents (0ms)
	FinalizeReload (256ms)
		ReleaseScriptCaches (0ms)
		RebuildScriptCaches (0ms)
		SetupLoadedEditorAssemblies (205ms)
			LogAssemblyErrors (0ms)
			InitializePlatformSupportModulesInManaged (24ms)
			SetLoadedEditorAssemblies (6ms)
			RefreshPlugins (0ms)
			BeforeProcessingInitializeOnLoad (2ms)
			ProcessInitializeOnLoadAttributes (128ms)
			ProcessInitializeOnLoadMethodAttributes (44ms)
			AfterProcessingInitializeOnLoad (0ms)
			EditorAssembliesLoaded (0ms)
		ExecutionOrderSort2 (0ms)
		AwakeInstancesAfterBackupRestoration (0ms)
========================================================================
Worker process is ready to serve import requests
Begin MonoManager ReloadAssembly
- Loaded All Assemblies, in  0.693 seconds
Refreshing native plugins compatible for Editor in 10.13 ms, found 4 plugins.
Native extension for WindowsStandalone target not found
Native extension for iOS target not found
Package Manager log level set to [2]
[Package Manager] Server::EnsureServerProcessIsRunning -- launch failed, reason: Unity was launched with the -noUpm command-line argument
[Package Manager] UpmClient::Send -- Unable to send message (not connected to UPM process).
[Package Manager] Cannot connect to Unity Package Manager local server
Mono: successfully reloaded assembly
[Package Manager] Server::EnsureServerProcessIsRunning -- launch failed, reason: Unity was launched with the -noUpm command-line argument
[Package Manager] UpmClient::Send -- Unable to send message (not connected to UPM process).
[Package Manager] Cannot connect to Unity Package Manager local server
[Package Manager] Server::EnsureServerProcessIsRunning -- launch failed, reason: Unity was launched with the -noUpm command-line argument
[Package Manager] UpmClient::Send -- Unable to send message (not connected to UPM process).
[Package Manager] Cannot connect to Unity Package Manager local server
- Finished resetting the current domain, in  0.747 seconds
Domain Reload Profiling: 1435ms
	BeginReloadAssembly (146ms)
		ExecutionOrderSort (0ms)
		DisableScriptedObjects (5ms)
		BackupInstance (0ms)
		ReleaseScriptingObjects (0ms)
		CreateAndSetChildDomain (22ms)
	RebuildCommonClasses (29ms)
	RebuildNativeTypeToScriptingClass (8ms)
	initialDomainReloadingComplete (38ms)
	LoadAllAssembliesAndSetupDomain (466ms)
		LoadAssemblies (362ms)
		RebuildTransferFunctionScriptingTraits (0ms)
		AnalyzeDomain (195ms)
			TypeCache.Refresh (155ms)
				TypeCache.ScanAssembly (140ms)
			ScanForSourceGeneratedMonoScriptInfo (28ms)
			ResolveRequiredComponents (9ms)
	FinalizeReload (748ms)
		ReleaseScriptCaches (0ms)
		RebuildScriptCaches (0ms)
		SetupLoadedEditorAssemblies (597ms)
			LogAssemblyErrors (0ms)
			InitializePlatformSupportModulesInManaged (19ms)
			SetLoadedEditorAssemblies (4ms)
			RefreshPlugins (0ms)
			BeforeProcessingInitializeOnLoad (86ms)
			ProcessInitializeOnLoadAttributes (424ms)
			ProcessInitializeOnLoadMethodAttributes (61ms)
			AfterProcessingInitializeOnLoad (3ms)
			EditorAssembliesLoaded (0ms)
		ExecutionOrderSort2 (0ms)
		AwakeInstancesAfterBackupRestoration (8ms)
Launched and connected shader compiler UnityShaderCompiler.exe after 0.05 seconds
Refreshing native plugins compatible for Editor in 7.91 ms, found 4 plugins.
Preloading 0 native plugins for Editor in 0.00 ms.
Unloading 5939 Unused Serialized files (Serialized files now loaded: 0)
Unloading 96 unused Assets / (357.9 KB). Loaded Objects now: 6387.
Memory consumption went from 229.6 MB to 229.3 MB.
Total: 4.205100 ms (FindLiveObjects: 0.432200 ms CreateObjectMapping: 0.278000 ms MarkObjects: 3.283100 ms  DeleteObjects: 0.211000 ms)

AssetImportParameters requested are different than current active one (requested -> active):
  custom:container-demuxer-ogg: 62fdf1f143b41e24485cea50d1cbac27 -> 
  custom:video-decoder-ogg-theora: a1e56fd34408186e4bbccfd4996cb3dc -> 
  custom:framework-win-MediaFoundation: 216162199b28c13a410421893ffa2e32 -> 
  custom:CustomObjectIndexerAttribute: 62b5816608c3102f162a1797e29626cf -> 
  custom:container-demuxer-webm: 4f35f7cbe854078d1ac9338744f61a02 -> 
  custom:container-muxer-webm: aa71ff27fc2769a1b78a27578f13a17b -> 
  custom:video-decoder-webm-vp8: 9c59270c3fd7afecdb556c50c9e8de78 -> 
  custom:SearchIndexIgnoredProperties: e643bd26f0fe6173181afceb89e7c659 -> 
  custom:AudioImporter_EditorPlatform: d09bf68614088b80899f8185d706f6e7 -> 
  custom:video-encoder-webm-vp8: eb34c28f22e8b96e1ab97ce403110664 -> 
  custom:audio-decoder-ogg-vorbis: bf7c407c2cedff20999df2af8eb42d56 -> 
  custom:audio-encoder-webm-vorbis: bf7c407c2cedff20999df2af8eb42d56 -> 
========================================================================
Received Prepare
Begin MonoManager ReloadAssembly
- Loaded All Assemblies, in  0.475 seconds
Refreshing native plugins compatible for Editor in 8.32 ms, found 4 plugins.
Native extension for WindowsStandalone target not found
Native extension for iOS target not found
[Package Manager] Server::EnsureServerProcessIsRunning -- launch failed, reason: Unity was launched with the -noUpm command-line argument
[Package Manager] UpmClient::Send -- Unable to send message (not connected to UPM process).
[Package Manager] Cannot connect to Unity Package Manager local server
Mono: successfully reloaded assembly
[Package Manager] Server::EnsureServerProcessIsRunning -- launch failed, reason: Unity was launched with the -noUpm command-line argument
[Package Manager] UpmClient::Send -- Unable to send message (not connected to UPM process).
[Package Manager] Cannot connect to Unity Package Manager local server
- Finished resetting the current domain, in  1.444 seconds
Domain Reload Profiling: 1913ms
	BeginReloadAssembly (164ms)
		ExecutionOrderSort (0ms)
		DisableScriptedObjects (9ms)
		BackupInstance (0ms)
		ReleaseScriptingObjects (0ms)
		CreateAndSetChildDomain (40ms)
	RebuildCommonClasses (26ms)
	RebuildNativeTypeToScriptingClass (8ms)
	initialDomainReloadingComplete (23ms)
	LoadAllAssembliesAndSetupDomain (247ms)
		LoadAssemblies (317ms)
		RebuildTransferFunctionScriptingTraits (0ms)
		AnalyzeDomain (15ms)
			TypeCache.Refresh (6ms)
				TypeCache.ScanAssembly (0ms)
			ScanForSourceGeneratedMonoScriptInfo (0ms)
			ResolveRequiredComponents (8ms)
	FinalizeReload (1444ms)
		ReleaseScriptCaches (0ms)
		RebuildScriptCaches (0ms)
		SetupLoadedEditorAssemblies (582ms)
			LogAssemblyErrors (0ms)
			InitializePlatformSupportModulesInManaged (18ms)
			SetLoadedEditorAssemblies (4ms)
			RefreshPlugins (0ms)
			BeforeProcessingInitializeOnLoad (91ms)
			ProcessInitializeOnLoadAttributes (409ms)
			ProcessInitializeOnLoadMethodAttributes (56ms)
			AfterProcessingInitializeOnLoad (4ms)
			EditorAssembliesLoaded (0ms)
		ExecutionOrderSort2 (0ms)
		AwakeInstancesAfterBackupRestoration (18ms)
Refreshing native plugins compatible for Editor in 9.15 ms, found 4 plugins.
Preloading 0 native plugins for Editor in 0.00 ms.
Unloading 5776 Unused Serialized files (Serialized files now loaded: 0)
Unloading 59 unused Assets / (326.3 KB). Loaded Objects now: 6393.
Memory consumption went from 202.0 MB to 201.6 MB.
Total: 4.346000 ms (FindLiveObjects: 0.440200 ms CreateObjectMapping: 0.337200 ms MarkObjects: 3.395100 ms  DeleteObjects: 0.172700 ms)

Prepare: number of updated asset objects reloaded= 0
AssetImportParameters requested are different than current active one (requested -> active):
  custom:container-demuxer-ogg: 62fdf1f143b41e24485cea50d1cbac27 -> 
  custom:video-decoder-ogg-theora: a1e56fd34408186e4bbccfd4996cb3dc -> 
  custom:framework-win-MediaFoundation: 216162199b28c13a410421893ffa2e32 -> 
  custom:CustomObjectIndexerAttribute: 62b5816608c3102f162a1797e29626cf -> 
  custom:container-demuxer-webm: 4f35f7cbe854078d1ac9338744f61a02 -> 
  custom:container-muxer-webm: aa71ff27fc2769a1b78a27578f13a17b -> 
  custom:video-decoder-webm-vp8: 9c59270c3fd7afecdb556c50c9e8de78 -> 
  custom:SearchIndexIgnoredProperties: e643bd26f0fe6173181afceb89e7c659 -> 
  custom:AudioImporter_EditorPlatform: d09bf68614088b80899f8185d706f6e7 -> 
  custom:video-encoder-webm-vp8: eb34c28f22e8b96e1ab97ce403110664 -> 
  custom:audio-decoder-ogg-vorbis: bf7c407c2cedff20999df2af8eb42d56 -> 
  custom:audio-encoder-webm-vorbis: bf7c407c2cedff20999df2af8eb42d56 -> 
========================================================================
Received Prepare
Couldn't register non-exiting asset root folder: 'Assets'
0x00007ff6a9d476dd (Unity) StackWalker::GetCurrentCallstack
0x00007ff6a9d4c7a9 (Unity) StackWalker::ShowCallstack
0x00007ff6aad1f0c1 (Unity) GetStacktrace
0x00007ff6ab3d896e (Unity) DebugStringToFile
0x00007ff6ab09a64b (Unity) AssetFolderHelper::RegisterAssetFolder
0x00007ff6ab00fef9 (Unity) AssetDatabase::RegisterAssetFolder
0x00007ff6ab0a15c9 (Unity) SyncAssetFoldersWithDB
0x00007ff6ab0c6c32 (Unity) <lambda_b37b41f03089e3cb3f55061bbc93253d>::operator()
0x00007ff6ab1010f2 (Unity) asio::detail::completion_handler<core::mutable_function<void __cdecl(void)>,asio::io_context::basic_executor_type<std::allocator<void>,0> >::do_complete
0x00007ff6ab0ed09e (Unity) asio::detail::win_iocp_io_context::do_one
0x00007ff6ab0eed04 (Unity) asio::detail::win_iocp_io_context::run
0x00007ff6ab0ff49c (Unity) IOService::Run
0x00007ff6ab0d2fff (Unity) AssetImportWorkerClient::Run
0x00007ff6ab09df37 (Unity) RunAssetImportWorkerClientV2
0x00007ff6ab09dfbb (Unity) RunAssetImporterV2
0x00007ff6aa8a200d (Unity) Application::InitializeProject
0x00007ff6aad2af35 (Unity) WinMain
0x00007ff6ac10a7be (Unity) __scrt_common_main_seh
0x00007ffa19d87374 (KERNEL32) BaseThreadInitThunk
0x00007ffa1b9dcc91 (ntdll) RtlUserThreadStart

Assertion failed on expression: 'success'
0x00007ff6a9d476dd (Unity) StackWalker::GetCurrentCallstack
0x00007ff6a9d4c7a9 (Unity) StackWalker::ShowCallstack
0x00007ff6aad1f0c1 (Unity) GetStacktrace
0x00007ff6ab3d896e (Unity) DebugStringToFile
0x00007ff6ab3d86aa (Unity) AssertImplementation
0x00007ff6ab00ff23 (Unity) AssetDatabase::RegisterAssetFolder
0x00007ff6ab0a15c9 (Unity) SyncAssetFoldersWithDB
0x00007ff6ab0c6c32 (Unity) <lambda_b37b41f03089e3cb3f55061bbc93253d>::operator()
0x00007ff6ab1010f2 (Unity) asio::detail::completion_handler<core::mutable_function<void __cdecl(void)>,asio::io_context::basic_executor_type<std::allocator<void>,0> >::do_complete
0x00007ff6ab0ed09e (Unity) asio::detail::win_iocp_io_context::do_one
0x00007ff6ab0eed04 (Unity) asio::detail::win_iocp_io_context::run
0x00007ff6ab0ff49c (Unity) IOService::Run
0x00007ff6ab0d2fff (Unity) AssetImportWorkerClient::Run
0x00007ff6ab09df37 (Unity) RunAssetImportWorkerClientV2
0x00007ff6ab09dfbb (Unity) RunAssetImporterV2
0x00007ff6aa8a200d (Unity) Application::InitializeProject
0x00007ff6aad2af35 (Unity) WinMain
0x00007ff6ac10a7be (Unity) __scrt_common_main_seh
0x00007ffa19d87374 (KERNEL32) BaseThreadInitThunk
0x00007ffa1b9dcc91 (ntdll) RtlUserThreadStart

Trying to reload asset but can't find object on disk
0x00007ff6a9d476dd (Unity) StackWalker::GetCurrentCallstack
0x00007ff6a9d4c7a9 (Unity) StackWalker::ShowCallstack
0x00007ff6aad1f0c1 (Unity) GetStacktrace
0x00007ff6ab3d896e (Unity) DebugStringToFile
0x00007ff6a9cfe071 (Unity) PersistentManager::ReloadFromDisk
0x00007ff6ab0d25d7 (Unity) ReloadSerializedSingletons
0x00007ff6ab0c6c8a (Unity) <lambda_b37b41f03089e3cb3f55061bbc93253d>::operator()
0x00007ff6ab1010f2 (Unity) asio::detail::completion_handler<core::mutable_function<void __cdecl(void)>,asio::io_context::basic_executor_type<std::allocator<void>,0> >::do_complete
0x00007ff6ab0ed09e (Unity) asio::detail::win_iocp_io_context::do_one
0x00007ff6ab0eed04 (Unity) asio::detail::win_iocp_io_context::run
0x00007ff6ab0ff49c (Unity) IOService::Run
0x00007ff6ab0d2fff (Unity) AssetImportWorkerClient::Run
0x00007ff6ab09df37 (Unity) RunAssetImportWorkerClientV2
0x00007ff6ab09dfbb (Unity) RunAssetImporterV2
0x00007ff6aa8a200d (Unity) Application::InitializeProject
0x00007ff6aad2af35 (Unity) WinMain
0x00007ff6ac10a7be (Unity) __scrt_common_main_seh
0x00007ffa19d87374 (KERNEL32) BaseThreadInitThunk
0x00007ffa1b9dcc91 (ntdll) RtlUserThreadStart

Trying to reload asset but can't find object on disk
0x00007ff6a9d476dd (Unity) StackWalker::GetCurrentCallstack
0x00007ff6a9d4c7a9 (Unity) StackWalker::ShowCallstack
0x00007ff6aad1f0c1 (Unity) GetStacktrace
0x00007ff6ab3d896e (Unity) DebugStringToFile
0x00007ff6a9cfe071 (Unity) PersistentManager::ReloadFromDisk
0x00007ff6ab0d25d7 (Unity) ReloadSerializedSingletons
0x00007ff6ab0c6c8a (Unity) <lambda_b37b41f03089e3cb3f55061bbc93253d>::operator()
0x00007ff6ab1010f2 (Unity) asio::detail::completion_handler<core::mutable_function<void __cdecl(void)>,asio::io_context::basic_executor_type<std::allocator<void>,0> >::do_complete
0x00007ff6ab0ed09e (Unity) asio::detail::win_iocp_io_context::do_one
0x00007ff6ab0eed04 (Unity) asio::detail::win_iocp_io_context::run
0x00007ff6ab0ff49c (Unity) IOService::Run
0x00007ff6ab0d2fff (Unity) AssetImportWorkerClient::Run
0x00007ff6ab09df37 (Unity) RunAssetImportWorkerClientV2
0x00007ff6ab09dfbb (Unity) RunAssetImporterV2
0x00007ff6aa8a200d (Unity) Application::InitializeProject
0x00007ff6aad2af35 (Unity) WinMain
0x00007ff6ac10a7be (Unity) __scrt_common_main_seh
0x00007ffa19d87374 (KERNEL32) BaseThreadInitThunk
0x00007ffa1b9dcc91 (ntdll) RtlUserThreadStart

Trying to reload asset but can't find object on disk
0x00007ff6a9d476dd (Unity) StackWalker::GetCurrentCallstack
0x00007ff6a9d4c7a9 (Unity) StackWalker::ShowCallstack
0x00007ff6aad1f0c1 (Unity) GetStacktrace
0x00007ff6ab3d896e (Unity) DebugStringToFile
0x00007ff6a9cfe071 (Unity) PersistentManager::ReloadFromDisk
0x00007ff6ab0d25d7 (Unity) ReloadSerializedSingletons
0x00007ff6ab0c6c8a (Unity) <lambda_b37b41f03089e3cb3f55061bbc93253d>::operator()
0x00007ff6ab1010f2 (Unity) asio::detail::completion_handler<core::mutable_function<void __cdecl(void)>,asio::io_context::basic_executor_type<std::allocator<void>,0> >::do_complete
0x00007ff6ab0ed09e (Unity) asio::detail::win_iocp_io_context::do_one
0x00007ff6ab0eed04 (Unity) asio::detail::win_iocp_io_context::run
0x00007ff6ab0ff49c (Unity) IOService::Run
0x00007ff6ab0d2fff (Unity) AssetImportWorkerClient::Run
0x00007ff6ab09df37 (Unity) RunAssetImportWorkerClientV2
0x00007ff6ab09dfbb (Unity) RunAssetImporterV2
0x00007ff6aa8a200d (Unity) Application::InitializeProject
0x00007ff6aad2af35 (Unity) WinMain
0x00007ff6ac10a7be (Unity) __scrt_common_main_seh
0x00007ffa19d87374 (KERNEL32) BaseThreadInitThunk
0x00007ffa1b9dcc91 (ntdll) RtlUserThreadStart

Trying to reload asset but can't find object on disk
0x00007ff6a9d476dd (Unity) StackWalker::GetCurrentCallstack
0x00007ff6a9d4c7a9 (Unity) StackWalker::ShowCallstack
0x00007ff6aad1f0c1 (Unity) GetStacktrace
0x00007ff6ab3d896e (Unity) DebugStringToFile
0x00007ff6a9cfe071 (Unity) PersistentManager::ReloadFromDisk
0x00007ff6ab0d25d7 (Unity) ReloadSerializedSingletons
0x00007ff6ab0c6c8a (Unity) <lambda_b37b41f03089e3cb3f55061bbc93253d>::operator()
0x00007ff6ab1010f2 (Unity) asio::detail::completion_handler<core::mutable_function<void __cdecl(void)>,asio::io_context::basic_executor_type<std::allocator<void>,0> >::do_complete
0x00007ff6ab0ed09e (Unity) asio::detail::win_iocp_io_context::do_one
0x00007ff6ab0eed04 (Unity) asio::detail::win_iocp_io_context::run
0x00007ff6ab0ff49c (Unity) IOService::Run
0x00007ff6ab0d2fff (Unity) AssetImportWorkerClient::Run
0x00007ff6ab09df37 (Unity) RunAssetImportWorkerClientV2
0x00007ff6ab09dfbb (Unity) RunAssetImporterV2
0x00007ff6aa8a200d (Unity) Application::InitializeProject
0x00007ff6aad2af35 (Unity) WinMain
0x00007ff6ac10a7be (Unity) __scrt_common_main_seh
0x00007ffa19d87374 (KERNEL32) BaseThreadInitThunk
0x00007ffa1b9dcc91 (ntdll) RtlUserThreadStart

Trying to reload asset but can't find object on disk
0x00007ff6a9d476dd (Unity) StackWalker::GetCurrentCallstack
0x00007ff6a9d4c7a9 (Unity) StackWalker::ShowCallstack
0x00007ff6aad1f0c1 (Unity) GetStacktrace
0x00007ff6ab3d896e (Unity) DebugStringToFile
0x00007ff6a9cfe071 (Unity) PersistentManager::ReloadFromDisk
0x00007ff6ab0d25d7 (Unity) ReloadSerializedSingletons
0x00007ff6ab0c6c8a (Unity) <lambda_b37b41f03089e3cb3f55061bbc93253d>::operator()
0x00007ff6ab1010f2 (Unity) asio::detail::completion_handler<core::mutable_function<void __cdecl(void)>,asio::io_context::basic_executor_type<std::allocator<void>,0> >::do_complete
0x00007ff6ab0ed09e (Unity) asio::detail::win_iocp_io_context::do_one
0x00007ff6ab0eed04 (Unity) asio::detail::win_iocp_io_context::run
0x00007ff6ab0ff49c (Unity) IOService::Run
0x00007ff6ab0d2fff (Unity) AssetImportWorkerClient::Run
0x00007ff6ab09df37 (Unity) RunAssetImportWorkerClientV2
0x00007ff6ab09dfbb (Unity) RunAssetImporterV2
0x00007ff6aa8a200d (Unity) Application::InitializeProject
0x00007ff6aad2af35 (Unity) WinMain
0x00007ff6ac10a7be (Unity) __scrt_common_main_seh
0x00007ffa19d87374 (KERNEL32) BaseThreadInitThunk
0x00007ffa1b9dcc91 (ntdll) RtlUserThreadStart

Trying to reload asset but can't find object on disk
0x00007ff6a9d476dd (Unity) StackWalker::GetCurrentCallstack
0x00007ff6a9d4c7a9 (Unity) StackWalker::ShowCallstack
0x00007ff6aad1f0c1 (Unity) GetStacktrace
0x00007ff6ab3d896e (Unity) DebugStringToFile
0x00007ff6a9cfe071 (Unity) PersistentManager::ReloadFromDisk
0x00007ff6ab0d25d7 (Unity) ReloadSerializedSingletons
0x00007ff6ab0c6c8a (Unity) <lambda_b37b41f03089e3cb3f55061bbc93253d>::operator()
0x00007ff6ab1010f2 (Unity) asio::detail::completion_handler<core::mutable_function<void __cdecl(void)>,asio::io_context::basic_executor_type<std::allocator<void>,0> >::do_complete
0x00007ff6ab0ed09e (Unity) asio::detail::win_iocp_io_context::do_one
0x00007ff6ab0eed04 (Unity) asio::detail::win_iocp_io_context::run
0x00007ff6ab0ff49c (Unity) IOService::Run
0x00007ff6ab0d2fff (Unity) AssetImportWorkerClient::Run
0x00007ff6ab09df37 (Unity) RunAssetImportWorkerClientV2
0x00007ff6ab09dfbb (Unity) RunAssetImporterV2
0x00007ff6aa8a200d (Unity) Application::InitializeProject
0x00007ff6aad2af35 (Unity) WinMain
0x00007ff6ac10a7be (Unity) __scrt_common_main_seh
0x00007ffa19d87374 (KERNEL32) BaseThreadInitThunk
0x00007ffa1b9dcc91 (ntdll) RtlUserThreadStart

Trying to reload asset but can't find object on disk
0x00007ff6a9d476dd (Unity) StackWalker::GetCurrentCallstack
0x00007ff6a9d4c7a9 (Unity) StackWalker::ShowCallstack
0x00007ff6aad1f0c1 (Unity) GetStacktrace
0x00007ff6ab3d896e (Unity) DebugStringToFile
0x00007ff6a9cfe071 (Unity) PersistentManager::ReloadFromDisk
0x00007ff6ab0d25d7 (Unity) ReloadSerializedSingletons
0x00007ff6ab0c6c8a (Unity) <lambda_b37b41f03089e3cb3f55061bbc93253d>::operator()
0x00007ff6ab1010f2 (Unity) asio::detail::completion_handler<core::mutable_function<void __cdecl(void)>,asio::io_context::basic_executor_type<std::allocator<void>,0> >::do_complete
0x00007ff6ab0ed09e (Unity) asio::detail::win_iocp_io_context::do_one
0x00007ff6ab0eed04 (Unity) asio::detail::win_iocp_io_context::run
0x00007ff6ab0ff49c (Unity) IOService::Run
0x00007ff6ab0d2fff (Unity) AssetImportWorkerClient::Run
0x00007ff6ab09df37 (Unity) RunAssetImportWorkerClientV2
0x00007ff6ab09dfbb (Unity) RunAssetImporterV2
0x00007ff6aa8a200d (Unity) Application::InitializeProject
0x00007ff6aad2af35 (Unity) WinMain
0x00007ff6ac10a7be (Unity) __scrt_common_main_seh
0x00007ffa19d87374 (KERNEL32) BaseThreadInitThunk
0x00007ffa1b9dcc91 (ntdll) RtlUserThreadStart

Trying to reload asset but can't find object on disk
0x00007ff6a9d476dd (Unity) StackWalker::GetCurrentCallstack
0x00007ff6a9d4c7a9 (Unity) StackWalker::ShowCallstack
0x00007ff6aad1f0c1 (Unity) GetStacktrace
0x00007ff6ab3d896e (Unity) DebugStringToFile
0x00007ff6a9cfe071 (Unity) PersistentManager::ReloadFromDisk
0x00007ff6ab0d25d7 (Unity) ReloadSerializedSingletons
0x00007ff6ab0c6c8a (Unity) <lambda_b37b41f03089e3cb3f55061bbc93253d>::operator()
0x00007ff6ab1010f2 (Unity) asio::detail::completion_handler<core::mutable_function<void __cdecl(void)>,asio::io_context::basic_executor_type<std::allocator<void>,0> >::do_complete
0x00007ff6ab0ed09e (Unity) asio::detail::win_iocp_io_context::do_one
0x00007ff6ab0eed04 (Unity) asio::detail::win_iocp_io_context::run
0x00007ff6ab0ff49c (Unity) IOService::Run
0x00007ff6ab0d2fff (Unity) AssetImportWorkerClient::Run
0x00007ff6ab09df37 (Unity) RunAssetImportWorkerClientV2
0x00007ff6ab09dfbb (Unity) RunAssetImporterV2
0x00007ff6aa8a200d (Unity) Application::InitializeProject
0x00007ff6aad2af35 (Unity) WinMain
0x00007ff6ac10a7be (Unity) __scrt_common_main_seh
0x00007ffa19d87374 (KERNEL32) BaseThreadInitThunk
0x00007ffa1b9dcc91 (ntdll) RtlUserThreadStart

Trying to reload asset but can't find object on disk
0x00007ff6a9d476dd (Unity) StackWalker::GetCurrentCallstack
0x00007ff6a9d4c7a9 (Unity) StackWalker::ShowCallstack
0x00007ff6aad1f0c1 (Unity) GetStacktrace
0x00007ff6ab3d896e (Unity) DebugStringToFile
0x00007ff6a9cfe071 (Unity) PersistentManager::ReloadFromDisk
0x00007ff6ab0d25d7 (Unity) ReloadSerializedSingletons
0x00007ff6ab0c6c8a (Unity) <lambda_b37b41f03089e3cb3f55061bbc93253d>::operator()
0x00007ff6ab1010f2 (Unity) asio::detail::completion_handler<core::mutable_function<void __cdecl(void)>,asio::io_context::basic_executor_type<std::allocator<void>,0> >::do_complete
0x00007ff6ab0ed09e (Unity) asio::detail::win_iocp_io_context::do_one
0x00007ff6ab0eed04 (Unity) asio::detail::win_iocp_io_context::run
0x00007ff6ab0ff49c (Unity) IOService::Run
0x00007ff6ab0d2fff (Unity) AssetImportWorkerClient::Run
0x00007ff6ab09df37 (Unity) RunAssetImportWorkerClientV2
0x00007ff6ab09dfbb (Unity) RunAssetImporterV2
0x00007ff6aa8a200d (Unity) Application::InitializeProject
0x00007ff6aad2af35 (Unity) WinMain
0x00007ff6ac10a7be (Unity) __scrt_common_main_seh
0x00007ffa19d87374 (KERNEL32) BaseThreadInitThunk
0x00007ffa1b9dcc91 (ntdll) RtlUserThreadStart

Trying to reload asset but can't find object on disk
0x00007ff6a9d476dd (Unity) StackWalker::GetCurrentCallstack
0x00007ff6a9d4c7a9 (Unity) StackWalker::ShowCallstack
0x00007ff6aad1f0c1 (Unity) GetStacktrace
0x00007ff6ab3d896e (Unity) DebugStringToFile
0x00007ff6a9cfe071 (Unity) PersistentManager::ReloadFromDisk
0x00007ff6ab0d25d7 (Unity) ReloadSerializedSingletons
0x00007ff6ab0c6c8a (Unity) <lambda_b37b41f03089e3cb3f55061bbc93253d>::operator()
0x00007ff6ab1010f2 (Unity) asio::detail::completion_handler<core::mutable_function<void __cdecl(void)>,asio::io_context::basic_executor_type<std::allocator<void>,0> >::do_complete
0x00007ff6ab0ed09e (Unity) asio::detail::win_iocp_io_context::do_one
0x00007ff6ab0eed04 (Unity) asio::detail::win_iocp_io_context::run
0x00007ff6ab0ff49c (Unity) IOService::Run
0x00007ff6ab0d2fff (Unity) AssetImportWorkerClient::Run
0x00007ff6ab09df37 (Unity) RunAssetImportWorkerClientV2
0x00007ff6ab09dfbb (Unity) RunAssetImporterV2
0x00007ff6aa8a200d (Unity) Application::InitializeProject
0x00007ff6aad2af35 (Unity) WinMain
0x00007ff6ac10a7be (Unity) __scrt_common_main_seh
0x00007ffa19d87374 (KERNEL32) BaseThreadInitThunk
0x00007ffa1b9dcc91 (ntdll) RtlUserThreadStart

Trying to reload asset but can't find object on disk
0x00007ff6a9d476dd (Unity) StackWalker::GetCurrentCallstack
0x00007ff6a9d4c7a9 (Unity) StackWalker::ShowCallstack
0x00007ff6aad1f0c1 (Unity) GetStacktrace
0x00007ff6ab3d896e (Unity) DebugStringToFile
0x00007ff6a9cfe071 (Unity) PersistentManager::ReloadFromDisk
0x00007ff6ab0d25d7 (Unity) ReloadSerializedSingletons
0x00007ff6ab0c6c8a (Unity) <lambda_b37b41f03089e3cb3f55061bbc93253d>::operator()
0x00007ff6ab1010f2 (Unity) asio::detail::completion_handler<core::mutable_function<void __cdecl(void)>,asio::io_context::basic_executor_type<std::allocator<void>,0> >::do_complete
0x00007ff6ab0ed09e (Unity) asio::detail::win_iocp_io_context::do_one
0x00007ff6ab0eed04 (Unity) asio::detail::win_iocp_io_context::run
0x00007ff6ab0ff49c (Unity) IOService::Run
0x00007ff6ab0d2fff (Unity) AssetImportWorkerClient::Run
0x00007ff6ab09df37 (Unity) RunAssetImportWorkerClientV2
0x00007ff6ab09dfbb (Unity) RunAssetImporterV2
0x00007ff6aa8a200d (Unity) Application::InitializeProject
0x00007ff6aad2af35 (Unity) WinMain
0x00007ff6ac10a7be (Unity) __scrt_common_main_seh
0x00007ffa19d87374 (KERNEL32) BaseThreadInitThunk
0x00007ffa1b9dcc91 (ntdll) RtlUserThreadStart

Trying to reload asset but can't find object on disk
0x00007ff6a9d476dd (Unity) StackWalker::GetCurrentCallstack
0x00007ff6a9d4c7a9 (Unity) StackWalker::ShowCallstack
0x00007ff6aad1f0c1 (Unity) GetStacktrace
0x00007ff6ab3d896e (Unity) DebugStringToFile
0x00007ff6a9cfe071 (Unity) PersistentManager::ReloadFromDisk
0x00007ff6ab0d25d7 (Unity) ReloadSerializedSingletons
0x00007ff6ab0c6c8a (Unity) <lambda_b37b41f03089e3cb3f55061bbc93253d>::operator()
0x00007ff6ab1010f2 (Unity) asio::detail::completion_handler<core::mutable_function<void __cdecl(void)>,asio::io_context::basic_executor_type<std::allocator<void>,0> >::do_complete
0x00007ff6ab0ed09e (Unity) asio::detail::win_iocp_io_context::do_one
0x00007ff6ab0eed04 (Unity) asio::detail::win_iocp_io_context::run
0x00007ff6ab0ff49c (Unity) IOService::Run
0x00007ff6ab0d2fff (Unity) AssetImportWorkerClient::Run
0x00007ff6ab09df37 (Unity) RunAssetImportWorkerClientV2
0x00007ff6ab09dfbb (Unity) RunAssetImporterV2
0x00007ff6aa8a200d (Unity) Application::InitializeProject
0x00007ff6aad2af35 (Unity) WinMain
0x00007ff6ac10a7be (Unity) __scrt_common_main_seh
0x00007ffa19d87374 (KERNEL32) BaseThreadInitThunk
0x00007ffa1b9dcc91 (ntdll) RtlUserThreadStart

Trying to reload asset but can't find object on disk
0x00007ff6a9d476dd (Unity) StackWalker::GetCurrentCallstack
0x00007ff6a9d4c7a9 (Unity) StackWalker::ShowCallstack
0x00007ff6aad1f0c1 (Unity) GetStacktrace
0x00007ff6ab3d896e (Unity) DebugStringToFile
0x00007ff6a9cfe071 (Unity) PersistentManager::ReloadFromDisk
0x00007ff6ab0d25d7 (Unity) ReloadSerializedSingletons
0x00007ff6ab0c6c8a (Unity) <lambda_b37b41f03089e3cb3f55061bbc93253d>::operator()
0x00007ff6ab1010f2 (Unity) asio::detail::completion_handler<core::mutable_function<void __cdecl(void)>,asio::io_context::basic_executor_type<std::allocator<void>,0> >::do_complete
0x00007ff6ab0ed09e (Unity) asio::detail::win_iocp_io_context::do_one
0x00007ff6ab0eed04 (Unity) asio::detail::win_iocp_io_context::run
0x00007ff6ab0ff49c (Unity) IOService::Run
0x00007ff6ab0d2fff (Unity) AssetImportWorkerClient::Run
0x00007ff6ab09df37 (Unity) RunAssetImportWorkerClientV2
0x00007ff6ab09dfbb (Unity) RunAssetImporterV2
0x00007ff6aa8a200d (Unity) Application::InitializeProject
0x00007ff6aad2af35 (Unity) WinMain
0x00007ff6ac10a7be (Unity) __scrt_common_main_seh
0x00007ffa19d87374 (KERNEL32) BaseThreadInitThunk
0x00007ffa1b9dcc91 (ntdll) RtlUserThreadStart

Trying to reload asset but can't find object on disk
0x00007ff6a9d476dd (Unity) StackWalker::GetCurrentCallstack
0x00007ff6a9d4c7a9 (Unity) StackWalker::ShowCallstack
0x00007ff6aad1f0c1 (Unity) GetStacktrace
0x00007ff6ab3d896e (Unity) DebugStringToFile
0x00007ff6a9cfe071 (Unity) PersistentManager::ReloadFromDisk
0x00007ff6ab0d25d7 (Unity) ReloadSerializedSingletons
0x00007ff6ab0c6c8a (Unity) <lambda_b37b41f03089e3cb3f55061bbc93253d>::operator()
0x00007ff6ab1010f2 (Unity) asio::detail::completion_handler<core::mutable_function<void __cdecl(void)>,asio::io_context::basic_executor_type<std::allocator<void>,0> >::do_complete
0x00007ff6ab0ed09e (Unity) asio::detail::win_iocp_io_context::do_one
0x00007ff6ab0eed04 (Unity) asio::detail::win_iocp_io_context::run
0x00007ff6ab0ff49c (Unity) IOService::Run
0x00007ff6ab0d2fff (Unity) AssetImportWorkerClient::Run
0x00007ff6ab09df37 (Unity) RunAssetImportWorkerClientV2
0x00007ff6ab09dfbb (Unity) RunAssetImporterV2
0x00007ff6aa8a200d (Unity) Application::InitializeProject
0x00007ff6aad2af35 (Unity) WinMain
0x00007ff6ac10a7be (Unity) __scrt_common_main_seh
0x00007ffa19d87374 (KERNEL32) BaseThreadInitThunk
0x00007ffa1b9dcc91 (ntdll) RtlUserThreadStart

Trying to reload asset but can't find object on disk
0x00007ff6a9d476dd (Unity) StackWalker::GetCurrentCallstack
0x00007ff6a9d4c7a9 (Unity) StackWalker::ShowCallstack
0x00007ff6aad1f0c1 (Unity) GetStacktrace
0x00007ff6ab3d896e (Unity) DebugStringToFile
0x00007ff6a9cfe071 (Unity) PersistentManager::ReloadFromDisk
0x00007ff6ab0d25d7 (Unity) ReloadSerializedSingletons
0x00007ff6ab0c6c8a (Unity) <lambda_b37b41f03089e3cb3f55061bbc93253d>::operator()
0x00007ff6ab1010f2 (Unity) asio::detail::completion_handler<core::mutable_function<void __cdecl(void)>,asio::io_context::basic_executor_type<std::allocator<void>,0> >::do_complete
0x00007ff6ab0ed09e (Unity) asio::detail::win_iocp_io_context::do_one
0x00007ff6ab0eed04 (Unity) asio::detail::win_iocp_io_context::run
0x00007ff6ab0ff49c (Unity) IOService::Run
0x00007ff6ab0d2fff (Unity) AssetImportWorkerClient::Run
0x00007ff6ab09df37 (Unity) RunAssetImportWorkerClientV2
0x00007ff6ab09dfbb (Unity) RunAssetImporterV2
0x00007ff6aa8a200d (Unity) Application::InitializeProject
0x00007ff6aad2af35 (Unity) WinMain
0x00007ff6ac10a7be (Unity) __scrt_common_main_seh
0x00007ffa19d87374 (KERNEL32) BaseThreadInitThunk
0x00007ffa1b9dcc91 (ntdll) RtlUserThreadStart

Trying to reload asset but can't find object on disk
0x00007ff6a9d476dd (Unity) StackWalker::GetCurrentCallstack
0x00007ff6a9d4c7a9 (Unity) StackWalker::ShowCallstack
0x00007ff6aad1f0c1 (Unity) GetStacktrace
0x00007ff6ab3d896e (Unity) DebugStringToFile
0x00007ff6a9cfe071 (Unity) PersistentManager::ReloadFromDisk
0x00007ff6ab0d25d7 (Unity) ReloadSerializedSingletons
0x00007ff6ab0c6c8a (Unity) <lambda_b37b41f03089e3cb3f55061bbc93253d>::operator()
0x00007ff6ab1010f2 (Unity) asio::detail::completion_handler<core::mutable_function<void __cdecl(void)>,asio::io_context::basic_executor_type<std::allocator<void>,0> >::do_complete
0x00007ff6ab0ed09e (Unity) asio::detail::win_iocp_io_context::do_one
0x00007ff6ab0eed04 (Unity) asio::detail::win_iocp_io_context::run
0x00007ff6ab0ff49c (Unity) IOService::Run
0x00007ff6ab0d2fff (Unity) AssetImportWorkerClient::Run
0x00007ff6ab09df37 (Unity) RunAssetImportWorkerClientV2
0x00007ff6ab09dfbb (Unity) RunAssetImporterV2
0x00007ff6aa8a200d (Unity) Application::InitializeProject
0x00007ff6aad2af35 (Unity) WinMain
0x00007ff6ac10a7be (Unity) __scrt_common_main_seh
0x00007ffa19d87374 (KERNEL32) BaseThreadInitThunk
0x00007ffa1b9dcc91 (ntdll) RtlUserThreadStart

Trying to reload asset but can't find object on disk
0x00007ff6a9d476dd (Unity) StackWalker::GetCurrentCallstack
0x00007ff6a9d4c7a9 (Unity) StackWalker::ShowCallstack
0x00007ff6aad1f0c1 (Unity) GetStacktrace
0x00007ff6ab3d896e (Unity) DebugStringToFile
0x00007ff6a9cfe071 (Unity) PersistentManager::ReloadFromDisk
0x00007ff6ab0d25d7 (Unity) ReloadSerializedSingletons
0x00007ff6ab0c6c8a (Unity) <lambda_b37b41f03089e3cb3f55061bbc93253d>::operator()
0x00007ff6ab1010f2 (Unity) asio::detail::completion_handler<core::mutable_function<void __cdecl(void)>,asio::io_context::basic_executor_type<std::allocator<void>,0> >::do_complete
0x00007ff6ab0ed09e (Unity) asio::detail::win_iocp_io_context::do_one
0x00007ff6ab0eed04 (Unity) asio::detail::win_iocp_io_context::run
0x00007ff6ab0ff49c (Unity) IOService::Run
0x00007ff6ab0d2fff (Unity) AssetImportWorkerClient::Run
0x00007ff6ab09df37 (Unity) RunAssetImportWorkerClientV2
0x00007ff6ab09dfbb (Unity) RunAssetImporterV2
0x00007ff6aa8a200d (Unity) Application::InitializeProject
0x00007ff6aad2af35 (Unity) WinMain
0x00007ff6ac10a7be (Unity) __scrt_common_main_seh
0x00007ffa19d87374 (KERNEL32) BaseThreadInitThunk
0x00007ffa1b9dcc91 (ntdll) RtlUserThreadStart

Trying to reload asset but can't find object on disk
0x00007ff6a9d476dd (Unity) StackWalker::GetCurrentCallstack
0x00007ff6a9d4c7a9 (Unity) StackWalker::ShowCallstack
0x00007ff6aad1f0c1 (Unity) GetStacktrace
0x00007ff6ab3d896e (Unity) DebugStringToFile
0x00007ff6a9cfe071 (Unity) PersistentManager::ReloadFromDisk
0x00007ff6ab0d25d7 (Unity) ReloadSerializedSingletons
0x00007ff6ab0c6c8a (Unity) <lambda_b37b41f03089e3cb3f55061bbc93253d>::operator()
0x00007ff6ab1010f2 (Unity) asio::detail::completion_handler<core::mutable_function<void __cdecl(void)>,asio::io_context::basic_executor_type<std::allocator<void>,0> >::do_complete
0x00007ff6ab0ed09e (Unity) asio::detail::win_iocp_io_context::do_one
0x00007ff6ab0eed04 (Unity) asio::detail::win_iocp_io_context::run
0x00007ff6ab0ff49c (Unity) IOService::Run
0x00007ff6ab0d2fff (Unity) AssetImportWorkerClient::Run
0x00007ff6ab09df37 (Unity) RunAssetImportWorkerClientV2
0x00007ff6ab09dfbb (Unity) RunAssetImporterV2
0x00007ff6aa8a200d (Unity) Application::InitializeProject
0x00007ff6aad2af35 (Unity) WinMain
0x00007ff6ac10a7be (Unity) __scrt_common_main_seh
0x00007ffa19d87374 (KERNEL32) BaseThreadInitThunk
0x00007ffa1b9dcc91 (ntdll) RtlUserThreadStart

Begin MonoManager ReloadAssembly
- Loaded All Assemblies, in  0.236 seconds
Refreshing native plugins compatible for Editor in 4.07 ms, found 0 plugins.
Native extension for WindowsStandalone target not found
Native extension for iOS target not found
Mono: successfully reloaded assembly
- Finished resetting the current domain, in  0.349 seconds
Domain Reload Profiling: 584ms
	BeginReloadAssembly (165ms)
		ExecutionOrderSort (0ms)
		DisableScriptedObjects (8ms)
		BackupInstance (0ms)
		ReleaseScriptingObjects (0ms)
		CreateAndSetChildDomain (37ms)
	RebuildCommonClasses (28ms)
	RebuildNativeTypeToScriptingClass (8ms)
	initialDomainReloadingComplete (18ms)
	LoadAllAssembliesAndSetupDomain (16ms)
		LoadAssemblies (92ms)
		RebuildTransferFunctionScriptingTraits (0ms)
		AnalyzeDomain (8ms)
			TypeCache.Refresh (7ms)
				TypeCache.ScanAssembly (0ms)
			ScanForSourceGeneratedMonoScriptInfo (0ms)
			ResolveRequiredComponents (0ms)
	FinalizeReload (349ms)
		ReleaseScriptCaches (0ms)
		RebuildScriptCaches (0ms)
		SetupLoadedEditorAssemblies (235ms)
			LogAssemblyErrors (0ms)
			InitializePlatformSupportModulesInManaged (18ms)
			SetLoadedEditorAssemblies (4ms)
			RefreshPlugins (0ms)
			BeforeProcessingInitializeOnLoad (89ms)
			ProcessInitializeOnLoadAttributes (106ms)
			ProcessInitializeOnLoadMethodAttributes (15ms)
			AfterProcessingInitializeOnLoad (3ms)
			EditorAssembliesLoaded (0ms)
		ExecutionOrderSort2 (0ms)
		AwakeInstancesAfterBackupRestoration (8ms)
Refreshing native plugins compatible for Editor in 4.18 ms, found 0 plugins.
Preloading 0 native plugins for Editor in 0.00 ms.
Unloading 1 Unused Serialized files (Serialized files now loaded: 0)
Unloading 2389 unused Assets / (7.3 MB). Loaded Objects now: 4004.
Memory consumption went from 100.7 MB to 93.5 MB.
Total: 6.354100 ms (FindLiveObjects: 0.426200 ms CreateObjectMapping: 0.294300 ms MarkObjects: 2.436800 ms  DeleteObjects: 3.196400 ms)

Prepare: number of updated asset objects reloaded= 97
AssetImportParameters requested are different than current active one (requested -> active):
  custom:container-demuxer-ogg: 62fdf1f143b41e24485cea50d1cbac27 -> 
  custom:srp/default-pipeline: 8d84326fddab2a4e8914e9469d3a1fce -> 
  custom:video-decoder-ogg-theora: a1e56fd34408186e4bbccfd4996cb3dc -> 
  custom:framework-win-MediaFoundation: 216162199b28c13a410421893ffa2e32 -> 
  custom:CustomObjectIndexerAttribute: 6d391050e5a25f67b0a2c618074f2cd9 -> 
  custom:container-demuxer-webm: 4f35f7cbe854078d1ac9338744f61a02 -> 
  custom:container-muxer-webm: aa71ff27fc2769a1b78a27578f13a17b -> 
  custom:video-decoder-webm-vp8: 9c59270c3fd7afecdb556c50c9e8de78 -> 
  custom:SearchIndexIgnoredProperties: e643bd26f0fe6173181afceb89e7c659 -> 
  custom:AudioImporter_EditorPlatform: d09bf68614088b80899f8185d706f6e7 -> 
  custom:video-encoder-webm-vp8: eb34c28f22e8b96e1ab97ce403110664 -> 
  custom:audio-decoder-ogg-vorbis: bf7c407c2cedff20999df2af8eb42d56 -> 
  custom:audio-encoder-webm-vorbis: bf7c407c2cedff20999df2af8eb42d56 -> 
========================================================================
Received Prepare
Couldn't register non-exiting asset root folder: 'Assets'
0x00007ff6a9d476dd (Unity) StackWalker::GetCurrentCallstack
0x00007ff6a9d4c7a9 (Unity) StackWalker::ShowCallstack
0x00007ff6aad1f0c1 (Unity) GetStacktrace
0x00007ff6ab3d896e (Unity) DebugStringToFile
0x00007ff6ab09a64b (Unity) AssetFolderHelper::RegisterAssetFolder
0x00007ff6ab00fef9 (Unity) AssetDatabase::RegisterAssetFolder
0x00007ff6ab0a15c9 (Unity) SyncAssetFoldersWithDB
0x00007ff6ab0c6c32 (Unity) <lambda_b37b41f03089e3cb3f55061bbc93253d>::operator()
0x00007ff6ab1010f2 (Unity) asio::detail::completion_handler<core::mutable_function<void __cdecl(void)>,asio::io_context::basic_executor_type<std::allocator<void>,0> >::do_complete
0x00007ff6ab0ed09e (Unity) asio::detail::win_iocp_io_context::do_one
0x00007ff6ab0eed04 (Unity) asio::detail::win_iocp_io_context::run
0x00007ff6ab0ff49c (Unity) IOService::Run
0x00007ff6ab0d2fff (Unity) AssetImportWorkerClient::Run
0x00007ff6ab09df37 (Unity) RunAssetImportWorkerClientV2
0x00007ff6ab09dfbb (Unity) RunAssetImporterV2
0x00007ff6aa8a200d (Unity) Application::InitializeProject
0x00007ff6aad2af35 (Unity) WinMain
0x00007ff6ac10a7be (Unity) __scrt_common_main_seh
0x00007ffa19d87374 (KERNEL32) BaseThreadInitThunk
0x00007ffa1b9dcc91 (ntdll) RtlUserThreadStart

Assertion failed on expression: 'success'
0x00007ff6a9d476dd (Unity) StackWalker::GetCurrentCallstack
0x00007ff6a9d4c7a9 (Unity) StackWalker::ShowCallstack
0x00007ff6aad1f0c1 (Unity) GetStacktrace
0x00007ff6ab3d896e (Unity) DebugStringToFile
0x00007ff6ab3d86aa (Unity) AssertImplementation
0x00007ff6ab00ff23 (Unity) AssetDatabase::RegisterAssetFolder
0x00007ff6ab0a15c9 (Unity) SyncAssetFoldersWithDB
0x00007ff6ab0c6c32 (Unity) <lambda_b37b41f03089e3cb3f55061bbc93253d>::operator()
0x00007ff6ab1010f2 (Unity) asio::detail::completion_handler<core::mutable_function<void __cdecl(void)>,asio::io_context::basic_executor_type<std::allocator<void>,0> >::do_complete
0x00007ff6ab0ed09e (Unity) asio::detail::win_iocp_io_context::do_one
0x00007ff6ab0eed04 (Unity) asio::detail::win_iocp_io_context::run
0x00007ff6ab0ff49c (Unity) IOService::Run
0x00007ff6ab0d2fff (Unity) AssetImportWorkerClient::Run
0x00007ff6ab09df37 (Unity) RunAssetImportWorkerClientV2
0x00007ff6ab09dfbb (Unity) RunAssetImporterV2
0x00007ff6aa8a200d (Unity) Application::InitializeProject
0x00007ff6aad2af35 (Unity) WinMain
0x00007ff6ac10a7be (Unity) __scrt_common_main_seh
0x00007ffa19d87374 (KERNEL32) BaseThreadInitThunk
0x00007ffa1b9dcc91 (ntdll) RtlUserThreadStart

Trying to reload asset but can't find object on disk
0x00007ff6a9d476dd (Unity) StackWalker::GetCurrentCallstack
0x00007ff6a9d4c7a9 (Unity) StackWalker::ShowCallstack
0x00007ff6aad1f0c1 (Unity) GetStacktrace
0x00007ff6ab3d896e (Unity) DebugStringToFile
0x00007ff6a9cfe071 (Unity) PersistentManager::ReloadFromDisk
0x00007ff6ab0d25d7 (Unity) ReloadSerializedSingletons
0x00007ff6ab0c6c8a (Unity) <lambda_b37b41f03089e3cb3f55061bbc93253d>::operator()
0x00007ff6ab1010f2 (Unity) asio::detail::completion_handler<core::mutable_function<void __cdecl(void)>,asio::io_context::basic_executor_type<std::allocator<void>,0> >::do_complete
0x00007ff6ab0ed09e (Unity) asio::detail::win_iocp_io_context::do_one
0x00007ff6ab0eed04 (Unity) asio::detail::win_iocp_io_context::run
0x00007ff6ab0ff49c (Unity) IOService::Run
0x00007ff6ab0d2fff (Unity) AssetImportWorkerClient::Run
0x00007ff6ab09df37 (Unity) RunAssetImportWorkerClientV2
0x00007ff6ab09dfbb (Unity) RunAssetImporterV2
0x00007ff6aa8a200d (Unity) Application::InitializeProject
0x00007ff6aad2af35 (Unity) WinMain
0x00007ff6ac10a7be (Unity) __scrt_common_main_seh
0x00007ffa19d87374 (KERNEL32) BaseThreadInitThunk
0x00007ffa1b9dcc91 (ntdll) RtlUserThreadStart

Trying to reload asset but can't find object on disk
0x00007ff6a9d476dd (Unity) StackWalker::GetCurrentCallstack
0x00007ff6a9d4c7a9 (Unity) StackWalker::ShowCallstack
0x00007ff6aad1f0c1 (Unity) GetStacktrace
0x00007ff6ab3d896e (Unity) DebugStringToFile
0x00007ff6a9cfe071 (Unity) PersistentManager::ReloadFromDisk
0x00007ff6ab0d25d7 (Unity) ReloadSerializedSingletons
0x00007ff6ab0c6c8a (Unity) <lambda_b37b41f03089e3cb3f55061bbc93253d>::operator()
0x00007ff6ab1010f2 (Unity) asio::detail::completion_handler<core::mutable_function<void __cdecl(void)>,asio::io_context::basic_executor_type<std::allocator<void>,0> >::do_complete
0x00007ff6ab0ed09e (Unity) asio::detail::win_iocp_io_context::do_one
0x00007ff6ab0eed04 (Unity) asio::detail::win_iocp_io_context::run
0x00007ff6ab0ff49c (Unity) IOService::Run
0x00007ff6ab0d2fff (Unity) AssetImportWorkerClient::Run
0x00007ff6ab09df37 (Unity) RunAssetImportWorkerClientV2
0x00007ff6ab09dfbb (Unity) RunAssetImporterV2
0x00007ff6aa8a200d (Unity) Application::InitializeProject
0x00007ff6aad2af35 (Unity) WinMain
0x00007ff6ac10a7be (Unity) __scrt_common_main_seh
0x00007ffa19d87374 (KERNEL32) BaseThreadInitThunk
0x00007ffa1b9dcc91 (ntdll) RtlUserThreadStart

Trying to reload asset but can't find object on disk
0x00007ff6a9d476dd (Unity) StackWalker::GetCurrentCallstack
0x00007ff6a9d4c7a9 (Unity) StackWalker::ShowCallstack
0x00007ff6aad1f0c1 (Unity) GetStacktrace
0x00007ff6ab3d896e (Unity) DebugStringToFile
0x00007ff6a9cfe071 (Unity) PersistentManager::ReloadFromDisk
0x00007ff6ab0d25d7 (Unity) ReloadSerializedSingletons
0x00007ff6ab0c6c8a (Unity) <lambda_b37b41f03089e3cb3f55061bbc93253d>::operator()
0x00007ff6ab1010f2 (Unity) asio::detail::completion_handler<core::mutable_function<void __cdecl(void)>,asio::io_context::basic_executor_type<std::allocator<void>,0> >::do_complete
0x00007ff6ab0ed09e (Unity) asio::detail::win_iocp_io_context::do_one
0x00007ff6ab0eed04 (Unity) asio::detail::win_iocp_io_context::run
0x00007ff6ab0ff49c (Unity) IOService::Run
0x00007ff6ab0d2fff (Unity) AssetImportWorkerClient::Run
0x00007ff6ab09df37 (Unity) RunAssetImportWorkerClientV2
0x00007ff6ab09dfbb (Unity) RunAssetImporterV2
0x00007ff6aa8a200d (Unity) Application::InitializeProject
0x00007ff6aad2af35 (Unity) WinMain
0x00007ff6ac10a7be (Unity) __scrt_common_main_seh
0x00007ffa19d87374 (KERNEL32) BaseThreadInitThunk
0x00007ffa1b9dcc91 (ntdll) RtlUserThreadStart

Trying to reload asset but can't find object on disk
0x00007ff6a9d476dd (Unity) StackWalker::GetCurrentCallstack
0x00007ff6a9d4c7a9 (Unity) StackWalker::ShowCallstack
0x00007ff6aad1f0c1 (Unity) GetStacktrace
0x00007ff6ab3d896e (Unity) DebugStringToFile
0x00007ff6a9cfe071 (Unity) PersistentManager::ReloadFromDisk
0x00007ff6ab0d25d7 (Unity) ReloadSerializedSingletons
0x00007ff6ab0c6c8a (Unity) <lambda_b37b41f03089e3cb3f55061bbc93253d>::operator()
0x00007ff6ab1010f2 (Unity) asio::detail::completion_handler<core::mutable_function<void __cdecl(void)>,asio::io_context::basic_executor_type<std::allocator<void>,0> >::do_complete
0x00007ff6ab0ed09e (Unity) asio::detail::win_iocp_io_context::do_one
0x00007ff6ab0eed04 (Unity) asio::detail::win_iocp_io_context::run
0x00007ff6ab0ff49c (Unity) IOService::Run
0x00007ff6ab0d2fff (Unity) AssetImportWorkerClient::Run
0x00007ff6ab09df37 (Unity) RunAssetImportWorkerClientV2
0x00007ff6ab09dfbb (Unity) RunAssetImporterV2
0x00007ff6aa8a200d (Unity) Application::InitializeProject
0x00007ff6aad2af35 (Unity) WinMain
0x00007ff6ac10a7be (Unity) __scrt_common_main_seh
0x00007ffa19d87374 (KERNEL32) BaseThreadInitThunk
0x00007ffa1b9dcc91 (ntdll) RtlUserThreadStart

Trying to reload asset but can't find object on disk
0x00007ff6a9d476dd (Unity) StackWalker::GetCurrentCallstack
0x00007ff6a9d4c7a9 (Unity) StackWalker::ShowCallstack
0x00007ff6aad1f0c1 (Unity) GetStacktrace
0x00007ff6ab3d896e (Unity) DebugStringToFile
0x00007ff6a9cfe071 (Unity) PersistentManager::ReloadFromDisk
0x00007ff6ab0d25d7 (Unity) ReloadSerializedSingletons
0x00007ff6ab0c6c8a (Unity) <lambda_b37b41f03089e3cb3f55061bbc93253d>::operator()
0x00007ff6ab1010f2 (Unity) asio::detail::completion_handler<core::mutable_function<void __cdecl(void)>,asio::io_context::basic_executor_type<std::allocator<void>,0> >::do_complete
0x00007ff6ab0ed09e (Unity) asio::detail::win_iocp_io_context::do_one
0x00007ff6ab0eed04 (Unity) asio::detail::win_iocp_io_context::run
0x00007ff6ab0ff49c (Unity) IOService::Run
0x00007ff6ab0d2fff (Unity) AssetImportWorkerClient::Run
0x00007ff6ab09df37 (Unity) RunAssetImportWorkerClientV2
0x00007ff6ab09dfbb (Unity) RunAssetImporterV2
0x00007ff6aa8a200d (Unity) Application::InitializeProject
0x00007ff6aad2af35 (Unity) WinMain
0x00007ff6ac10a7be (Unity) __scrt_common_main_seh
0x00007ffa19d87374 (KERNEL32) BaseThreadInitThunk
0x00007ffa1b9dcc91 (ntdll) RtlUserThreadStart

Trying to reload asset but can't find object on disk
0x00007ff6a9d476dd (Unity) StackWalker::GetCurrentCallstack
0x00007ff6a9d4c7a9 (Unity) StackWalker::ShowCallstack
0x00007ff6aad1f0c1 (Unity) GetStacktrace
0x00007ff6ab3d896e (Unity) DebugStringToFile
0x00007ff6a9cfe071 (Unity) PersistentManager::ReloadFromDisk
0x00007ff6ab0d25d7 (Unity) ReloadSerializedSingletons
0x00007ff6ab0c6c8a (Unity) <lambda_b37b41f03089e3cb3f55061bbc93253d>::operator()
0x00007ff6ab1010f2 (Unity) asio::detail::completion_handler<core::mutable_function<void __cdecl(void)>,asio::io_context::basic_executor_type<std::allocator<void>,0> >::do_complete
0x00007ff6ab0ed09e (Unity) asio::detail::win_iocp_io_context::do_one
0x00007ff6ab0eed04 (Unity) asio::detail::win_iocp_io_context::run
0x00007ff6ab0ff49c (Unity) IOService::Run
0x00007ff6ab0d2fff (Unity) AssetImportWorkerClient::Run
0x00007ff6ab09df37 (Unity) RunAssetImportWorkerClientV2
0x00007ff6ab09dfbb (Unity) RunAssetImporterV2
0x00007ff6aa8a200d (Unity) Application::InitializeProject
0x00007ff6aad2af35 (Unity) WinMain
0x00007ff6ac10a7be (Unity) __scrt_common_main_seh
0x00007ffa19d87374 (KERNEL32) BaseThreadInitThunk
0x00007ffa1b9dcc91 (ntdll) RtlUserThreadStart

Trying to reload asset but can't find object on disk
0x00007ff6a9d476dd (Unity) StackWalker::GetCurrentCallstack
0x00007ff6a9d4c7a9 (Unity) StackWalker::ShowCallstack
0x00007ff6aad1f0c1 (Unity) GetStacktrace
0x00007ff6ab3d896e (Unity) DebugStringToFile
0x00007ff6a9cfe071 (Unity) PersistentManager::ReloadFromDisk
0x00007ff6ab0d25d7 (Unity) ReloadSerializedSingletons
0x00007ff6ab0c6c8a (Unity) <lambda_b37b41f03089e3cb3f55061bbc93253d>::operator()
0x00007ff6ab1010f2 (Unity) asio::detail::completion_handler<core::mutable_function<void __cdecl(void)>,asio::io_context::basic_executor_type<std::allocator<void>,0> >::do_complete
0x00007ff6ab0ed09e (Unity) asio::detail::win_iocp_io_context::do_one
0x00007ff6ab0eed04 (Unity) asio::detail::win_iocp_io_context::run
0x00007ff6ab0ff49c (Unity) IOService::Run
0x00007ff6ab0d2fff (Unity) AssetImportWorkerClient::Run
0x00007ff6ab09df37 (Unity) RunAssetImportWorkerClientV2
0x00007ff6ab09dfbb (Unity) RunAssetImporterV2
0x00007ff6aa8a200d (Unity) Application::InitializeProject
0x00007ff6aad2af35 (Unity) WinMain
0x00007ff6ac10a7be (Unity) __scrt_common_main_seh
0x00007ffa19d87374 (KERNEL32) BaseThreadInitThunk
0x00007ffa1b9dcc91 (ntdll) RtlUserThreadStart

Trying to reload asset but can't find object on disk
0x00007ff6a9d476dd (Unity) StackWalker::GetCurrentCallstack
0x00007ff6a9d4c7a9 (Unity) StackWalker::ShowCallstack
0x00007ff6aad1f0c1 (Unity) GetStacktrace
0x00007ff6ab3d896e (Unity) DebugStringToFile
0x00007ff6a9cfe071 (Unity) PersistentManager::ReloadFromDisk
0x00007ff6ab0d25d7 (Unity) ReloadSerializedSingletons
0x00007ff6ab0c6c8a (Unity) <lambda_b37b41f03089e3cb3f55061bbc93253d>::operator()
0x00007ff6ab1010f2 (Unity) asio::detail::completion_handler<core::mutable_function<void __cdecl(void)>,asio::io_context::basic_executor_type<std::allocator<void>,0> >::do_complete
0x00007ff6ab0ed09e (Unity) asio::detail::win_iocp_io_context::do_one
0x00007ff6ab0eed04 (Unity) asio::detail::win_iocp_io_context::run
0x00007ff6ab0ff49c (Unity) IOService::Run
0x00007ff6ab0d2fff (Unity) AssetImportWorkerClient::Run
0x00007ff6ab09df37 (Unity) RunAssetImportWorkerClientV2
0x00007ff6ab09dfbb (Unity) RunAssetImporterV2
0x00007ff6aa8a200d (Unity) Application::InitializeProject
0x00007ff6aad2af35 (Unity) WinMain
0x00007ff6ac10a7be (Unity) __scrt_common_main_seh
0x00007ffa19d87374 (KERNEL32) BaseThreadInitThunk
0x00007ffa1b9dcc91 (ntdll) RtlUserThreadStart

Trying to reload asset but can't find object on disk
0x00007ff6a9d476dd (Unity) StackWalker::GetCurrentCallstack
0x00007ff6a9d4c7a9 (Unity) StackWalker::ShowCallstack
0x00007ff6aad1f0c1 (Unity) GetStacktrace
0x00007ff6ab3d896e (Unity) DebugStringToFile
0x00007ff6a9cfe071 (Unity) PersistentManager::ReloadFromDisk
0x00007ff6ab0d25d7 (Unity) ReloadSerializedSingletons
0x00007ff6ab0c6c8a (Unity) <lambda_b37b41f03089e3cb3f55061bbc93253d>::operator()
0x00007ff6ab1010f2 (Unity) asio::detail::completion_handler<core::mutable_function<void __cdecl(void)>,asio::io_context::basic_executor_type<std::allocator<void>,0> >::do_complete
0x00007ff6ab0ed09e (Unity) asio::detail::win_iocp_io_context::do_one
0x00007ff6ab0eed04 (Unity) asio::detail::win_iocp_io_context::run
0x00007ff6ab0ff49c (Unity) IOService::Run
0x00007ff6ab0d2fff (Unity) AssetImportWorkerClient::Run
0x00007ff6ab09df37 (Unity) RunAssetImportWorkerClientV2
0x00007ff6ab09dfbb (Unity) RunAssetImporterV2
0x00007ff6aa8a200d (Unity) Application::InitializeProject
0x00007ff6aad2af35 (Unity) WinMain
0x00007ff6ac10a7be (Unity) __scrt_common_main_seh
0x00007ffa19d87374 (KERNEL32) BaseThreadInitThunk
0x00007ffa1b9dcc91 (ntdll) RtlUserThreadStart

Trying to reload asset but can't find object on disk
0x00007ff6a9d476dd (Unity) StackWalker::GetCurrentCallstack
0x00007ff6a9d4c7a9 (Unity) StackWalker::ShowCallstack
0x00007ff6aad1f0c1 (Unity) GetStacktrace
0x00007ff6ab3d896e (Unity) DebugStringToFile
0x00007ff6a9cfe071 (Unity) PersistentManager::ReloadFromDisk
0x00007ff6ab0d25d7 (Unity) ReloadSerializedSingletons
0x00007ff6ab0c6c8a (Unity) <lambda_b37b41f03089e3cb3f55061bbc93253d>::operator()
0x00007ff6ab1010f2 (Unity) asio::detail::completion_handler<core::mutable_function<void __cdecl(void)>,asio::io_context::basic_executor_type<std::allocator<void>,0> >::do_complete
0x00007ff6ab0ed09e (Unity) asio::detail::win_iocp_io_context::do_one
0x00007ff6ab0eed04 (Unity) asio::detail::win_iocp_io_context::run
0x00007ff6ab0ff49c (Unity) IOService::Run
0x00007ff6ab0d2fff (Unity) AssetImportWorkerClient::Run
0x00007ff6ab09df37 (Unity) RunAssetImportWorkerClientV2
0x00007ff6ab09dfbb (Unity) RunAssetImporterV2
0x00007ff6aa8a200d (Unity) Application::InitializeProject
0x00007ff6aad2af35 (Unity) WinMain
0x00007ff6ac10a7be (Unity) __scrt_common_main_seh
0x00007ffa19d87374 (KERNEL32) BaseThreadInitThunk
0x00007ffa1b9dcc91 (ntdll) RtlUserThreadStart

Trying to reload asset but can't find object on disk
0x00007ff6a9d476dd (Unity) StackWalker::GetCurrentCallstack
0x00007ff6a9d4c7a9 (Unity) StackWalker::ShowCallstack
0x00007ff6aad1f0c1 (Unity) GetStacktrace
0x00007ff6ab3d896e (Unity) DebugStringToFile
0x00007ff6a9cfe071 (Unity) PersistentManager::ReloadFromDisk
0x00007ff6ab0d25d7 (Unity) ReloadSerializedSingletons
0x00007ff6ab0c6c8a (Unity) <lambda_b37b41f03089e3cb3f55061bbc93253d>::operator()
0x00007ff6ab1010f2 (Unity) asio::detail::completion_handler<core::mutable_function<void __cdecl(void)>,asio::io_context::basic_executor_type<std::allocator<void>,0> >::do_complete
0x00007ff6ab0ed09e (Unity) asio::detail::win_iocp_io_context::do_one
0x00007ff6ab0eed04 (Unity) asio::detail::win_iocp_io_context::run
0x00007ff6ab0ff49c (Unity) IOService::Run
0x00007ff6ab0d2fff (Unity) AssetImportWorkerClient::Run
0x00007ff6ab09df37 (Unity) RunAssetImportWorkerClientV2
0x00007ff6ab09dfbb (Unity) RunAssetImporterV2
0x00007ff6aa8a200d (Unity) Application::InitializeProject
0x00007ff6aad2af35 (Unity) WinMain
0x00007ff6ac10a7be (Unity) __scrt_common_main_seh
0x00007ffa19d87374 (KERNEL32) BaseThreadInitThunk
0x00007ffa1b9dcc91 (ntdll) RtlUserThreadStart

Trying to reload asset but can't find object on disk
0x00007ff6a9d476dd (Unity) StackWalker::GetCurrentCallstack
0x00007ff6a9d4c7a9 (Unity) StackWalker::ShowCallstack
0x00007ff6aad1f0c1 (Unity) GetStacktrace
0x00007ff6ab3d896e (Unity) DebugStringToFile
0x00007ff6a9cfe071 (Unity) PersistentManager::ReloadFromDisk
0x00007ff6ab0d25d7 (Unity) ReloadSerializedSingletons
0x00007ff6ab0c6c8a (Unity) <lambda_b37b41f03089e3cb3f55061bbc93253d>::operator()
0x00007ff6ab1010f2 (Unity) asio::detail::completion_handler<core::mutable_function<void __cdecl(void)>,asio::io_context::basic_executor_type<std::allocator<void>,0> >::do_complete
0x00007ff6ab0ed09e (Unity) asio::detail::win_iocp_io_context::do_one
0x00007ff6ab0eed04 (Unity) asio::detail::win_iocp_io_context::run
0x00007ff6ab0ff49c (Unity) IOService::Run
0x00007ff6ab0d2fff (Unity) AssetImportWorkerClient::Run
0x00007ff6ab09df37 (Unity) RunAssetImportWorkerClientV2
0x00007ff6ab09dfbb (Unity) RunAssetImporterV2
0x00007ff6aa8a200d (Unity) Application::InitializeProject
0x00007ff6aad2af35 (Unity) WinMain
0x00007ff6ac10a7be (Unity) __scrt_common_main_seh
0x00007ffa19d87374 (KERNEL32) BaseThreadInitThunk
0x00007ffa1b9dcc91 (ntdll) RtlUserThreadStart

Trying to reload asset but can't find object on disk
0x00007ff6a9d476dd (Unity) StackWalker::GetCurrentCallstack
0x00007ff6a9d4c7a9 (Unity) StackWalker::ShowCallstack
0x00007ff6aad1f0c1 (Unity) GetStacktrace
0x00007ff6ab3d896e (Unity) DebugStringToFile
0x00007ff6a9cfe071 (Unity) PersistentManager::ReloadFromDisk
0x00007ff6ab0d25d7 (Unity) ReloadSerializedSingletons
0x00007ff6ab0c6c8a (Unity) <lambda_b37b41f03089e3cb3f55061bbc93253d>::operator()
0x00007ff6ab1010f2 (Unity) asio::detail::completion_handler<core::mutable_function<void __cdecl(void)>,asio::io_context::basic_executor_type<std::allocator<void>,0> >::do_complete
0x00007ff6ab0ed09e (Unity) asio::detail::win_iocp_io_context::do_one
0x00007ff6ab0eed04 (Unity) asio::detail::win_iocp_io_context::run
0x00007ff6ab0ff49c (Unity) IOService::Run
0x00007ff6ab0d2fff (Unity) AssetImportWorkerClient::Run
0x00007ff6ab09df37 (Unity) RunAssetImportWorkerClientV2
0x00007ff6ab09dfbb (Unity) RunAssetImporterV2
0x00007ff6aa8a200d (Unity) Application::InitializeProject
0x00007ff6aad2af35 (Unity) WinMain
0x00007ff6ac10a7be (Unity) __scrt_common_main_seh
0x00007ffa19d87374 (KERNEL32) BaseThreadInitThunk
0x00007ffa1b9dcc91 (ntdll) RtlUserThreadStart

Trying to reload asset but can't find object on disk
0x00007ff6a9d476dd (Unity) StackWalker::GetCurrentCallstack
0x00007ff6a9d4c7a9 (Unity) StackWalker::ShowCallstack
0x00007ff6aad1f0c1 (Unity) GetStacktrace
0x00007ff6ab3d896e (Unity) DebugStringToFile
0x00007ff6a9cfe071 (Unity) PersistentManager::ReloadFromDisk
0x00007ff6ab0d25d7 (Unity) ReloadSerializedSingletons
0x00007ff6ab0c6c8a (Unity) <lambda_b37b41f03089e3cb3f55061bbc93253d>::operator()
0x00007ff6ab1010f2 (Unity) asio::detail::completion_handler<core::mutable_function<void __cdecl(void)>,asio::io_context::basic_executor_type<std::allocator<void>,0> >::do_complete
0x00007ff6ab0ed09e (Unity) asio::detail::win_iocp_io_context::do_one
0x00007ff6ab0eed04 (Unity) asio::detail::win_iocp_io_context::run
0x00007ff6ab0ff49c (Unity) IOService::Run
0x00007ff6ab0d2fff (Unity) AssetImportWorkerClient::Run
0x00007ff6ab09df37 (Unity) RunAssetImportWorkerClientV2
0x00007ff6ab09dfbb (Unity) RunAssetImporterV2
0x00007ff6aa8a200d (Unity) Application::InitializeProject
0x00007ff6aad2af35 (Unity) WinMain
0x00007ff6ac10a7be (Unity) __scrt_common_main_seh
0x00007ffa19d87374 (KERNEL32) BaseThreadInitThunk
0x00007ffa1b9dcc91 (ntdll) RtlUserThreadStart

Trying to reload asset but can't find object on disk
0x00007ff6a9d476dd (Unity) StackWalker::GetCurrentCallstack
0x00007ff6a9d4c7a9 (Unity) StackWalker::ShowCallstack
0x00007ff6aad1f0c1 (Unity) GetStacktrace
0x00007ff6ab3d896e (Unity) DebugStringToFile
0x00007ff6a9cfe071 (Unity) PersistentManager::ReloadFromDisk
0x00007ff6ab0d25d7 (Unity) ReloadSerializedSingletons
0x00007ff6ab0c6c8a (Unity) <lambda_b37b41f03089e3cb3f55061bbc93253d>::operator()
0x00007ff6ab1010f2 (Unity) asio::detail::completion_handler<core::mutable_function<void __cdecl(void)>,asio::io_context::basic_executor_type<std::allocator<void>,0> >::do_complete
0x00007ff6ab0ed09e (Unity) asio::detail::win_iocp_io_context::do_one
0x00007ff6ab0eed04 (Unity) asio::detail::win_iocp_io_context::run
0x00007ff6ab0ff49c (Unity) IOService::Run
0x00007ff6ab0d2fff (Unity) AssetImportWorkerClient::Run
0x00007ff6ab09df37 (Unity) RunAssetImportWorkerClientV2
0x00007ff6ab09dfbb (Unity) RunAssetImporterV2
0x00007ff6aa8a200d (Unity) Application::InitializeProject
0x00007ff6aad2af35 (Unity) WinMain
0x00007ff6ac10a7be (Unity) __scrt_common_main_seh
0x00007ffa19d87374 (KERNEL32) BaseThreadInitThunk
0x00007ffa1b9dcc91 (ntdll) RtlUserThreadStart

Trying to reload asset but can't find object on disk
0x00007ff6a9d476dd (Unity) StackWalker::GetCurrentCallstack
0x00007ff6a9d4c7a9 (Unity) StackWalker::ShowCallstack
0x00007ff6aad1f0c1 (Unity) GetStacktrace
0x00007ff6ab3d896e (Unity) DebugStringToFile
0x00007ff6a9cfe071 (Unity) PersistentManager::ReloadFromDisk
0x00007ff6ab0d25d7 (Unity) ReloadSerializedSingletons
0x00007ff6ab0c6c8a (Unity) <lambda_b37b41f03089e3cb3f55061bbc93253d>::operator()
0x00007ff6ab1010f2 (Unity) asio::detail::completion_handler<core::mutable_function<void __cdecl(void)>,asio::io_context::basic_executor_type<std::allocator<void>,0> >::do_complete
0x00007ff6ab0ed09e (Unity) asio::detail::win_iocp_io_context::do_one
0x00007ff6ab0eed04 (Unity) asio::detail::win_iocp_io_context::run
0x00007ff6ab0ff49c (Unity) IOService::Run
0x00007ff6ab0d2fff (Unity) AssetImportWorkerClient::Run
0x00007ff6ab09df37 (Unity) RunAssetImportWorkerClientV2
0x00007ff6ab09dfbb (Unity) RunAssetImporterV2
0x00007ff6aa8a200d (Unity) Application::InitializeProject
0x00007ff6aad2af35 (Unity) WinMain
0x00007ff6ac10a7be (Unity) __scrt_common_main_seh
0x00007ffa19d87374 (KERNEL32) BaseThreadInitThunk
0x00007ffa1b9dcc91 (ntdll) RtlUserThreadStart

Trying to reload asset but can't find object on disk
0x00007ff6a9d476dd (Unity) StackWalker::GetCurrentCallstack
0x00007ff6a9d4c7a9 (Unity) StackWalker::ShowCallstack
0x00007ff6aad1f0c1 (Unity) GetStacktrace
0x00007ff6ab3d896e (Unity) DebugStringToFile
0x00007ff6a9cfe071 (Unity) PersistentManager::ReloadFromDisk
0x00007ff6ab0d25d7 (Unity) ReloadSerializedSingletons
0x00007ff6ab0c6c8a (Unity) <lambda_b37b41f03089e3cb3f55061bbc93253d>::operator()
0x00007ff6ab1010f2 (Unity) asio::detail::completion_handler<core::mutable_function<void __cdecl(void)>,asio::io_context::basic_executor_type<std::allocator<void>,0> >::do_complete
0x00007ff6ab0ed09e (Unity) asio::detail::win_iocp_io_context::do_one
0x00007ff6ab0eed04 (Unity) asio::detail::win_iocp_io_context::run
0x00007ff6ab0ff49c (Unity) IOService::Run
0x00007ff6ab0d2fff (Unity) AssetImportWorkerClient::Run
0x00007ff6ab09df37 (Unity) RunAssetImportWorkerClientV2
0x00007ff6ab09dfbb (Unity) RunAssetImporterV2
0x00007ff6aa8a200d (Unity) Application::InitializeProject
0x00007ff6aad2af35 (Unity) WinMain
0x00007ff6ac10a7be (Unity) __scrt_common_main_seh
0x00007ffa19d87374 (KERNEL32) BaseThreadInitThunk
0x00007ffa1b9dcc91 (ntdll) RtlUserThreadStart

Trying to reload asset but can't find object on disk
0x00007ff6a9d476dd (Unity) StackWalker::GetCurrentCallstack
0x00007ff6a9d4c7a9 (Unity) StackWalker::ShowCallstack
0x00007ff6aad1f0c1 (Unity) GetStacktrace
0x00007ff6ab3d896e (Unity) DebugStringToFile
0x00007ff6a9cfe071 (Unity) PersistentManager::ReloadFromDisk
0x00007ff6ab0d25d7 (Unity) ReloadSerializedSingletons
0x00007ff6ab0c6c8a (Unity) <lambda_b37b41f03089e3cb3f55061bbc93253d>::operator()
0x00007ff6ab1010f2 (Unity) asio::detail::completion_handler<core::mutable_function<void __cdecl(void)>,asio::io_context::basic_executor_type<std::allocator<void>,0> >::do_complete
0x00007ff6ab0ed09e (Unity) asio::detail::win_iocp_io_context::do_one
0x00007ff6ab0eed04 (Unity) asio::detail::win_iocp_io_context::run
0x00007ff6ab0ff49c (Unity) IOService::Run
0x00007ff6ab0d2fff (Unity) AssetImportWorkerClient::Run
0x00007ff6ab09df37 (Unity) RunAssetImportWorkerClientV2
0x00007ff6ab09dfbb (Unity) RunAssetImporterV2
0x00007ff6aa8a200d (Unity) Application::InitializeProject
0x00007ff6aad2af35 (Unity) WinMain
0x00007ff6ac10a7be (Unity) __scrt_common_main_seh
0x00007ffa19d87374 (KERNEL32) BaseThreadInitThunk
0x00007ffa1b9dcc91 (ntdll) RtlUserThreadStart

Refreshing native plugins compatible for Editor in 3.99 ms, found 0 plugins.
Preloading 0 native plugins for Editor in 0.00 ms.
Unloading 1 Unused Serialized files (Serialized files now loaded: 0)
Unloading 2 unused Assets / (3.6 KB). Loaded Objects now: 3906.
Memory consumption went from 84.0 MB to 84.0 MB.
Total: 2.345100 ms (FindLiveObjects: 0.313500 ms CreateObjectMapping: 0.079900 ms MarkObjects: 1.937600 ms  DeleteObjects: 0.013800 ms)

Prepare: number of updated asset objects reloaded= 0
AssetImportParameters requested are different than current active one (requested -> active):
  custom:container-demuxer-ogg: 62fdf1f143b41e24485cea50d1cbac27 -> 
  custom:video-decoder-ogg-theora: a1e56fd34408186e4bbccfd4996cb3dc -> 
  custom:framework-win-MediaFoundation: 216162199b28c13a410421893ffa2e32 -> 
  custom:CustomObjectIndexerAttribute: 6d391050e5a25f67b0a2c618074f2cd9 -> 
  custom:container-demuxer-webm: 4f35f7cbe854078d1ac9338744f61a02 -> 
  custom:container-muxer-webm: aa71ff27fc2769a1b78a27578f13a17b -> 
  custom:video-decoder-webm-vp8: 9c59270c3fd7afecdb556c50c9e8de78 -> 
  custom:SearchIndexIgnoredProperties: e643bd26f0fe6173181afceb89e7c659 -> 
  custom:AudioImporter_EditorPlatform: d09bf68614088b80899f8185d706f6e7 -> 
  custom:video-encoder-webm-vp8: eb34c28f22e8b96e1ab97ce403110664 -> 
  custom:audio-decoder-ogg-vorbis: bf7c407c2cedff20999df2af8eb42d56 -> 
  custom:audio-encoder-webm-vorbis: bf7c407c2cedff20999df2af8eb42d56 -> 
